C51 COMPILER V9.59.0.0   MIAN                                                              08/07/2020 22:10:07 PAGE 1   


C51 COMPILER V9.59.0.0, COMPILATION OF MODULE MIAN
OBJECT MODULE PLACED IN .\Objects\mian.obj
COMPILER INVOKED BY: C:\Keil_v5\C51\BIN\C51.EXE mian.c OPTIMIZE(8,SPEED) BROWSE DEBUG OBJECTEXTEND PRINT(.\Listings\mian
                    -.lst) TABS(2) OBJECT(.\Objects\mian.obj)

line level    source

   1          #include "config.h"
   2          #include "INTRINS.H"
   3          
   4          // 提前声明含糊
   5          
   6          void Delay20us();       //20us延时函数，24MHz
   7          void Delay1000ms();     //1s延时函数，24MHz
   8          
   9          void main (void)
  10          {
  11   1          P5M0 = 0x30;
  12   1          P5M1 = 0x00;
  13   1          P1M0 = 0x60;
  14   1          P1M1 = 0x00;
  15   1          Delay20us();
  16   1          LED_OUT = 1;
  17   1          SR_04_Vcc = 1;
  18   1          SR_04_Gnd = 0;
  19   1          while (1)
  20   1          {
  21   2              SR_04_Trig = 1;
  22   2              Delay20us();
  23   2              SR_04_Trig = 0;
  24   2              while(SR_04_Echo)
  25   2              {
  26   3                  LED_OUT = 0;
  27   3              }
  28   2              Delay1000ms();
  29   2      
  30   2          }
  31   1          
  32   1      
  33   1      }
  34          
  35          void Delay20us()    //@24.000MHz
  36          {
  37   1        unsigned char i;
  38   1      
  39   1        _nop_();
  40   1        _nop_();
  41   1        i = 117;
  42   1        while (--i);
  43   1      }
  44          
  45          void Delay1000ms()    //@24.000MHz
  46          {
  47   1        unsigned char i, j, k;
  48   1      
  49   1        _nop_();
  50   1        _nop_();
  51   1        i = 92;
  52   1        j = 50;
  53   1        k = 238;
  54   1        do
C51 COMPILER V9.59.0.0   MIAN                                                              08/07/2020 22:10:07 PAGE 2   

  55   1        {
  56   2          do
  57   2          {
  58   3            while (--k);
  59   3          } while (--j);
  60   2        } while (--i);
  61   1      }


MODULE INFORMATION:   STATIC OVERLAYABLE
   CODE SIZE        =     61    ----
   CONSTANT SIZE    =   ----    ----
   XDATA SIZE       =   ----    ----
   PDATA SIZE       =   ----    ----
   DATA SIZE        =   ----    ----
   IDATA SIZE       =   ----    ----
   BIT SIZE         =   ----    ----
END OF MODULE INFORMATION.


C51 COMPILATION COMPLETE.  0 WARNING(S),  0 ERROR(S)
