C51 COMPILER V9.59.0.0   MIAN                                                              08/08/2020 10:27:59 PAGE 1   


C51 COMPILER V9.59.0.0, COMPILATION OF MODULE MIAN
OBJECT MODULE PLACED IN .\Objects\mian.obj
COMPILER INVOKED BY: C:\Keil_v5\C51\BIN\C51.EXE mian.c OPTIMIZE(8,SPEED) BROWSE DEBUG OBJECTEXTEND PRINT(.\Listings\mian
                    -.lst) TABS(2) OBJECT(.\Objects\mian.obj)

line level    source

   1          #include "config.h"
   2          #include "INTRINS.H"
   3          
   4          
   5          // 声明串口传输设置
   6          
   7          #define FOSC 24000000L    //系统频率
   8          #define BAUD 115200     //波特率
   9          #define NONE_PARITY     0       //无校验
  10          #define ODD_PARITY      1       //奇校验
  11          #define EVEN_PARITY     2       //偶校验
  12          #define MARK_PARITY     3       //标记校验
  13          #define SPACE_PARITY    4       //空白校验
  14          #define PARITYBIT NONE_PARITY   //定义校验位
  15          #define S1_S0 0x40              //P_SW1.6
  16          #define S1_S1 0x80              //P_SW1.7
  17          
  18          
  19          // 变量声明
  20          
  21          bit busy;
  22          unsigned int temp;
  23          float Fl;
  24          
  25          // 提前声明含糊
  26          
  27          void Delay20us();       //20us延时函数，24MHz
  28          void Delay20ms();
  29          void Delay1000ms();     //1s延时函数，24MHz
  30          void Timer0Init(void);
  31          void uart_init();
  32          void SendData(unsigned char dat);
  33          void SendString(char *s);
  34          void serial_one_send_number(long num);
  35          void serial_one_send_float(double float_val, char bit_val);
  36          
  37          void main (void)
  38          {
  39   1          unsigned int count;
  40   1          P5M0 = 0x30;
  41   1          P5M1 = 0x00;
  42   1          P1M0 = 0x60;
  43   1          P1M1 = 0x00;
  44   1          Delay20us();
  45   1          Timer0Init();
  46   1          uart_init();
  47   1        T2L = (65536 - (FOSC/4/BAUD));   //设置波特率重装值
  48   1          T2H = (65536 - (FOSC/4/BAUD))>>8;
  49   1          AUXR = 0x14;                //T2为1T模式, 并启动定时器2
  50   1          AUXR |= 0x01;               //选择定时器2为串口1的波特率发生器
  51   1          ES = 1;                     //使能串口1中断
  52   1          ET0 = 1;
  53   1          EA = 1;
  54   1        Delay1000ms();
C51 COMPILER V9.59.0.0   MIAN                                                              08/08/2020 10:27:59 PAGE 2   

  55   1          SendString("STC15F2K60S2\r\nUart ON !\r\n");
  56   1          BZ_OUT = 0;
  57   1          SR_04_Vcc = 1;
  58   1          SR_04_Gnd = 0;
  59   1          temp = 0;
  60   1          while (1)
  61   1          {
  62   2              Fl = (float)(temp - count);
  63   2              Fl = Fl*3.4/20;
  64   2              count = temp;
  65   2              SR_04_Trig = 0;
  66   2              Delay20us();
  67   2              SR_04_Trig = 1;;
  68   2              serial_one_send_float(Fl,1);
  69   2              SendString("cm\r\n");
  70   2              if (Fl < 100)
  71   2              {
  72   3                  BZ_OUT = 1;
  73   3              }else
  74   2              {
  75   3                  BZ_OUT = 0;
  76   3              }
  77   2              Delay20ms();
  78   2          }
  79   1      }
  80          
  81          void Delay20us()    //@24.000MHz
  82          {
  83   1        unsigned char i;
  84   1      
  85   1        _nop_();
  86   1        _nop_();
  87   1        i = 117;
  88   1        while (--i);
  89   1      }
  90          
  91          void Delay20ms()    //@24.000MHz
  92          {
  93   1        unsigned char i, j, k;
  94   1      
  95   1        _nop_();
  96   1        _nop_();
  97   1        i = 2;
  98   1        j = 211;
  99   1        k = 231;
 100   1        do
 101   1        {
 102   2          do
 103   2          {
 104   3            while (--k);
 105   3          } while (--j);
 106   2        } while (--i);
 107   1      }
 108          
 109          
 110          void Delay1000ms()    //@24.000MHz
 111          {
 112   1        unsigned char i, j, k;
 113   1      
 114   1        _nop_();
 115   1        _nop_();
 116   1        i = 92;
C51 COMPILER V9.59.0.0   MIAN                                                              08/08/2020 10:27:59 PAGE 3   

 117   1        j = 50;
 118   1        k = 238;
 119   1        do
 120   1        {
 121   2          do
 122   2          {
 123   3            while (--k);
 124   3          } while (--j);
 125   2        } while (--i);
 126   1      }
 127          
 128          /* t0初始化程序，24MHz定时1us */
 129          void Timer0Init(void)   //1微秒@24.000MHz
 130          {
 131   1        AUXR |= 0x80;   //定时器时钟1T模式
 132   1        TMOD &= 0xF0;   //设置定时器模式
 133   1        TL0 = 0xE8;   //设置定时初值
 134   1        TH0 = 0xFF;   //设置定时初值
 135   1        TF0 = 0;    //清除TF0标志
 136   1        TR0 = 1;    //定时器0开始计时
 137   1      }
 138          
 139          /*uart初始化函数*/
 140          void uart_init ()
 141          {
 142   1        ACC = P_SW1;
 143   1          ACC &= ~(S1_S0 | S1_S1);    //S1_S0=0 S1_S1=0
 144   1          P_SW1 = ACC;                //(P3.0/RxD, P3.1/TxD)
 145   1        #if (PARITYBIT == NONE_PARITY)
 146   1          SCON = 0x50;                //8位可变波特率
 147   1        #elif (PARITYBIT == ODD_PARITY) || (PARITYBIT == EVEN_PARITY) || (PARITYBIT == MARK_PARITY)
                  SCON = 0xda;                //9位可变波特率,校验位初始为1
                #elif (PARITYBIT == SPACE_PARITY)
                  SCON = 0xd2;                //9位可变波特率,校验位初始为0
                #endif
 152   1      }
 153          
 154          /*串口数据发送*/
 155          void SendData(unsigned char dat)
 156          {
 157   1          while (busy);               //等待前面的数据发送完成
 158   1          ACC = dat;                  //获取校验位P (PSW.0)
 159   1          if (P)                      //根据P来设置校验位
 160   1          {
 161   2          #if (PARITYBIT == ODD_PARITY)
                    TB8 = 0;                //设置校验位为0
                  #elif (PARITYBIT == EVEN_PARITY)
                    TB8 = 1;                //设置校验位为1
                  #endif
 166   2          }
 167   1          else
 168   1          {
 169   2          #if (PARITYBIT == ODD_PARITY)
                        TB8 = 1;                //设置校验位为1
                  #elif (PARITYBIT == EVEN_PARITY)
                        TB8 = 0;                //设置校验位为0
                  #endif
 174   2          }
 175   1          busy = 1;
 176   1          SBUF = ACC;                 //写数据到UART数据寄存器
 177   1      }
 178          
C51 COMPILER V9.59.0.0   MIAN                                                              08/08/2020 10:27:59 PAGE 4   

 179          /*发送字符串*/
 180          void SendString(char *s)
 181          {
 182   1          while (*s)                  //检测字符串结束标志
 183   1          {
 184   2              SendData(*s++);         //发送当前字符
 185   2          }
 186   1      }
 187          
 188          /*uart发送long数值*/
 189          void serial_one_send_number(long num)
 190          {
 191   1        long dat = 0;
 192   1        unsigned char  length = 0;
 193   1        if(num < 0)                   //当数值为负数时
 194   1        {
 195   2          SendData('-');  //输出负号
 196   2          num = -num;                 //将数值取相反数
 197   2        }
 198   1        
 199   1        if(num == 0)                  //当数值为0时
 200   1          SendData('0');  //输出字符0
 201   1        else                      //当数值不为0时
 202   1        {
 203   2          while(num)                  //将数值倒过来
 204   2          {
 205   3            dat = dat * 10;
 206   3            dat = dat + num % 10;
 207   3            num = num / 10;
 208   3            length++;
 209   3          }
 210   2          
 211   2          while(length--)             //从第一位开始输出倒过来的数值
 212   2          {
 213   3            SendData(dat % 10 + '0');
 214   3            dat = dat / 10;
 215   3          }
 216   2        }
 217   1      }
 218          
 219          
 220          void serial_one_send_float(double float_val, char bit_val)
 221          {
 222   1        long xdata value_int = 0;
 223   1        long xdata value_flt = 0;
 224   1        
 225   1        if(float_val < 0)
 226   1        {
 227   2          SendData('-');
 228   2          float_val = -float_val;
 229   2        }
 230   1        
 231   1        value_int = (long)float_val;
 232   1        
 233   1        float_val = float_val - (double)value_int;
 234   1        
 235   1        for(;bit_val;bit_val--)
 236   1          float_val = float_val * 10;
 237   1        
 238   1        serial_one_send_number(value_int);
 239   1        SendData('.');
 240   1        serial_one_send_number((long)float_val);
C51 COMPILER V9.59.0.0   MIAN                                                              08/08/2020 10:27:59 PAGE 5   

 241   1      }
 242          
 243          
 244          /* t0中断服务程序 */
 245          void T0_isr() interrupt 1
 246          {
 247   1          if (SR_04_Echo == 1)
 248   1          {
 249   2              temp++;
 250   2              if(temp == 65535)
 251   2              {
 252   3                  temp = 0;
 253   3              }
 254   2          }
 255   1          
 256   1      }
 257          
 258          /*uart中断服务程序*/
 259          void Uart() interrupt 4
 260          {
 261   1          if (RI)
 262   1          {
 263   2              RI = 0;                 //清除RI位
 264   2              P0 = SBUF;              //P0显示串口数据
 265   2              P54 = RB8;              //P2.2显示校验位
 266   2          }
 267   1          if (TI)
 268   1          {
 269   2              TI = 0;                 //清除TI位
 270   2              busy = 0;               //清忙标志
 271   2          }
 272   1      }


MODULE INFORMATION:   STATIC OVERLAYABLE
   CODE SIZE        =    865    ----
   CONSTANT SIZE    =     31    ----
   XDATA SIZE       =   ----       8
   PDATA SIZE       =   ----    ----
   DATA SIZE        =      6      19
   IDATA SIZE       =   ----    ----
   BIT SIZE         =      1    ----
END OF MODULE INFORMATION.


C51 COMPILATION COMPLETE.  0 WARNING(S),  0 ERROR(S)
