C51 COMPILER V9.59.0.0   MIAN                                                              08/07/2020 21:53:15 PAGE 1   


C51 COMPILER V9.59.0.0, COMPILATION OF MODULE MIAN
OBJECT MODULE PLACED IN .\Objects\mian.obj
COMPILER INVOKED BY: C:\Keil_v5\C51\BIN\C51.EXE mian.c OPTIMIZE(8,SPEED) BROWSE DEBUG OBJECTEXTEND PRINT(.\Listings\mian
                    -.lst) TABS(2) OBJECT(.\Objects\mian.obj)

line level    source

   1          #include "config.h"
   2          #include "INTRINS.H"
   3          
   4          // 提前声明含糊
   5          
   6          void Delay20us();       //20us延时函数，24MHz
   7          void Delay1000ms();     //1s延时函数，24MHz
   8          
   9          void main (void)
  10          {
  11   1          P5M0 = 0x30;
  12   1          P5M1 = 0x00;
  13   1          P1M0 = 0x60;
  14   1          P1M1 = 0x00;
  15   1          Delay20us();
  16   1          SR_04_Vcc = 1;
  17   1          SR_04_Gnd = 0;
  18   1          Delay1000ms();
  19   1          while (1)
  20   1          {
  21   2              SR_04_Trig = 1;
  22   2              Delay20us();
  23   2              Delay20us();
  24   2              Delay20us();
  25   2              Delay20us();
  26   2              Delay20us();
  27   2              Delay20us();
  28   2              Delay20us();
  29   2              Delay20us();
  30   2              SR_04_Trig = 0;
  31   2              if(SR_04_Echo == 1)
  32   2              {
  33   3                  LED_OUT = 0;
  34   3              }
  35   2              else
  36   2              {
  37   3                  LED_OUT = 1;
  38   3              }
  39   2              Delay1000ms();
  40   2          }
  41   1          
  42   1      
  43   1      }
  44          
  45          void Delay20us()    //@24.000MHz
  46          {
  47   1        unsigned char i;
  48   1      
  49   1        _nop_();
  50   1        _nop_();
  51   1        i = 117;
  52   1        while (--i);
  53   1      }
  54          
C51 COMPILER V9.59.0.0   MIAN                                                              08/07/2020 21:53:15 PAGE 2   

  55          void Delay1000ms()    //@24.000MHz
  56          {
  57   1        unsigned char i, j, k;
  58   1      
  59   1        _nop_();
  60   1        _nop_();
  61   1        i = 92;
  62   1        j = 50;
  63   1        k = 238;
  64   1        do
  65   1        {
  66   2          do
  67   2          {
  68   3            while (--k);
  69   3          } while (--j);
  70   2        } while (--i);
  71   1      }


MODULE INFORMATION:   STATIC OVERLAYABLE
   CODE SIZE        =     85    ----
   CONSTANT SIZE    =   ----    ----
   XDATA SIZE       =   ----    ----
   PDATA SIZE       =   ----    ----
   DATA SIZE        =   ----    ----
   IDATA SIZE       =   ----    ----
   BIT SIZE         =   ----    ----
END OF MODULE INFORMATION.


C51 COMPILATION COMPLETE.  0 WARNING(S),  0 ERROR(S)
